{
  "version": "1.5.0",
  "plugins_used": [],
  "results": {
    "scripts\\hook_regression_tests.py": [
      {
        "type": "Secret Keyword",
        "filename": "scripts\\hook_regression_tests.py",
        "hashed_secret": "076cbf8180eb3c76eb0083413b0c61e56fc95514",
        "is_verified": false,
        "line_number": 26
      },
      {
        "type": "GitHub Token",
        "filename": "scripts\\hook_regression_tests.py",
        "hashed_secret": "e175c6f5f2a92e8623bd9a4820edb4e8c1b0fd10",
        "is_verified": false,
        "line_number": 467
      }
    ],
    "scripts\\intake_to_lookup.py": [
      {
        "type": "Secret Keyword",
        "filename": "scripts\\intake_to_lookup.py",
        "hashed_secret": "fe86558143c0bd528f649a153bdc32b8fa90301c",
        "is_verified": false,
        "line_number": 92
      }
    ]
  },
  "generated_at": "2026-04-21T23:11:53Z"
}
